==============================================================================
LabTest Booking Logout test                                                   
==============================================================================
TC_E_008 Login to website :: This test case verifies that the user... | FAIL |
ElementClickInterceptedException: Message: element click intercepted: Element <a href="/lab-tests">...</a> is not clickable at point (569, 79). Other element would receive the click: <div class="tb"></div>
  (Session info: chrome=148.0.7778.168)
Stacktrace:
	chromedriver!GetHandleVerifier [0x7ff7b84d1e35+2e8d45]
	chromedriver!GetHandleVerifier [0x7ff7b81fe6c0+155d0]
	chromedriver!(No symbol) [0x7ff7b7f4d57d]
	chromedriver!(No symbol) [0x7ff7b7faf205]
	chromedriver!(No symbol) [0x7ff7b7face1a]
	chromedriver!(No symbol) [0x7ff7b7faa167]
	chromedriver!(No symbol) [0x7ff7b7fa9017]
	chromedriver!(No symbol) [0x7ff7b7f9bc46]
	chromedriver!(No symbol) [0x7ff7b7fcfe6a]
	chromedriver!(No symbol) [0x7ff7b7f9b4c6]
	chromedriver!(No symbol) [0x7ff7b7ff4c63]
	chromedriver!(No symbol) [0x7ff7b7f99d58]
	chromedriver!(No symbol) [0x7ff7b7f9ac43]
	chromedriver!GetHandleVerifier [0x7ff7b84fdab9+3149c9]
	chromedriver!GetHandleVerifier [0x7ff7b84f802b+30ef3b]
	chromedriver!GetHandleVerifier [0x7ff7b851c872+333782]
	chromedriver!GetHandleVerifier [0x7ff7b821b785+32695]
	chromedriver!GetHandleVerifier [0x7ff7b82242bc+3b1cc]
	chromedriver!GetHandleVerifier [0x7ff7b8207f24+1ee34]
	chromedriver!GetHandleVerifier [0x7ff7b82080b4+1efc4]
	chromedriver!GetHandleVerifier [0x7ff7b81ebf27+2e37]
	KERNEL32!BaseThreadInitThunk [0x7ff8346de957+17]
	ntdll!RtlUserThreadStart [0x7ff83576427c+2c]
------------------------------------------------------------------------------
LabTest Booking Logout test                                           | FAIL |
1 test, 0 passed, 1 failed
==============================================================================
Output:  C:\Users\siddh\OneDrive\Desktop\Apollo24x7\output.xml
Log:     C:\Users\siddh\OneDrive\Desktop\Apollo24x7\log.html
Report:  C:\Users\siddh\OneDrive\Desktop\Apollo24x7\report.html
